x1000c1s4b0n1:36728:36760 [3] NCCL INFO Channel 03 : 7[c1000] -> 8[2000] [send] via NET/IB/0
x1000c1s4b0n0:37351:37385 [3] NCCL INFO Channel 02 : 3[c1000] -> 4[2000] [send] via NET/IB/1
x1000c1s4b0n0:37351:37385 [3] NCCL INFO GPU Direct RDMA Disabled for GPU c1000 / HCA 0 (distance 5 > 4)
x1000c1s5b0n1:82174:82215 [1] NCCL INFO Connected all rings
x1000c1s5b0n1:82174:82217 [3] NCCL INFO NET/IB: Dev 0 Port 1 qpn 787 mtu 5 GID 0 (80FE/B00FEFF000000)
x1000c1s5b0n1:82174:82215 [1] NCCL INFO Channel 00 : 13[41000] -> 12[2000] via P2P/direct pointer/read
x1000c1s5b0n1:82174:82215 [1] NCCL INFO Channel 01 : 13[41000] -> 12[2000] via P2P/direct pointer/read
x1000c1s5b0n1:82174:82215 [1] NCCL INFO Channel 02 : 13[41000] -> 12[2000] via P2P/direct pointer/read
x1000c1s5b0n1:82174:82217 [3] NCCL INFO NET/IB: Dev 1 Port 1 qpn 755 mtu 5 GID 0 (80FE/10B00FEFF000000)
x1000c1s5b0n0:95699:95729 [1] NCCL INFO Connected all rings
x1000c1s5b0n0:95699:95729 [1] NCCL INFO GPU Direct RDMA Disabled for GPU 41000 / HCA 1 (distance 6 > 4)
x1000c1s5b0n1:82174:82217 [3] NCCL INFO NET/IB: Dev 0 Port 1 qpn 788 mtu 5 GID 0 (80FE/B00FEFF000000)
x1000c1s4b0n0:37351:37385 [3] NCCL INFO Channel 03 : 3[c1000] -> 4[2000] [send] via NET/IB/0
x1000c1s5b0n0:95699:95729 [1] NCCL INFO Channel 00 : 4[2000] -> 9[41000] [receive] via NET/IB/1
x1000c1s5b0n0:95699:95729 [1] NCCL INFO GPU Direct RDMA Disabled for GPU 41000 / HCA 0 (distance 6 > 4)
x1000c1s5b0n1:82174:82215 [1] NCCL INFO Channel 03 : 13[41000] -> 12[2000] via P2P/direct pointer/read
x1000c1s4b0n1:36728:36759 [2] NCCL INFO Connected all rings
x1000c1s5b0n0:95699:95729 [1] NCCL INFO Channel 01 : 4[2000] -> 9[41000] [receive] via NET/IB/0
x1000c1s4b0n1:36728:36759 [2] NCCL INFO Channel 00 : 6[81000] -> 5[41000] via P2P/direct pointer/read
x1000c1s4b0n0:37351:37384 [2] NCCL INFO Connected all rings
x1000c1s5b0n0:95699:95731 [3] NCCL INFO NET/IB: Dev 1 Port 1 qpn 2052 mtu 5 GID 0 (80FE/C10A00FEFF000000)
x1000c1s5b0n1:82174:82217 [3] NCCL INFO Connected all rings
x1000c1s5b0n1:82174:82217 [3] NCCL INFO Channel 00 : 15[c1000] -> 14[81000] via P2P/direct pointer/read
x1000c1s5b0n1:82174:82217 [3] NCCL INFO Channel 01 : 15[c1000] -> 14[81000] via P2P/direct pointer/read
x1000c1s5b0n1:82174:82217 [3] NCCL INFO Channel 02 : 15[c1000] -> 14[81000] via P2P/direct pointer/read
x1000c1s5b0n1:82174:82217 [3] NCCL INFO Channel 03 : 15[c1000] -> 14[81000] via P2P/direct pointer/read
x1000c1s5b0n1:82174:82217 [3] NCCL INFO Connected all trees
x1000c1s5b0n1:82174:82217 [3] NCCL INFO threadThresholds 8/8/64 | 128/8/64 | 8/8/64
x1000c1s5b0n1:82174:82217 [3] NCCL INFO 4 coll channels, 4 p2p channels, 1 p2p channels per peer
x1000c1s5b0n1:82174:82216 [2] NCCL INFO Connected all trees
x1000c1s5b0n1:82174:82216 [2] NCCL INFO threadThresholds 8/8/64 | 128/8/64 | 8/8/64
x1000c1s5b0n1:82174:82216 [2] NCCL INFO 4 coll channels, 4 p2p channels, 1 p2p channels per peer
x1000c1s4b0n1:36728:36759 [2] NCCL INFO Channel 01 : 6[81000] -> 5[41000] via P2P/direct pointer/read
x1000c1s4b0n1:36728:36759 [2] NCCL INFO Channel 02 : 6[81000] -> 5[41000] via P2P/direct pointer/read
x1000c1s4b0n1:36728:36759 [2] NCCL INFO Channel 03 : 6[81000] -> 5[41000] via P2P/direct pointer/read
x1000c1s4b0n1:36728:36757 [0] NCCL INFO Channel 03 : 3[c1000] -> 4[2000] [receive] via NET/IB/0
x1000c1s4b0n0:37351:37384 [2] NCCL INFO Channel 00 : 2[81000] -> 1[41000] via P2P/direct pointer/read
x1000c1s4b0n1:36728:36757 [0] NCCL INFO Channel 00 : 4[2000] -> 5[41000] via P2P/direct pointer/read
x1000c1s4b0n1:36728:36757 [0] NCCL INFO Channel 01 : 4[2000] -> 5[41000] via P2P/direct pointer/read
x1000c1s4b0n0:37351:37384 [2] NCCL INFO Channel 01 : 2[81000] -> 1[41000] via P2P/direct pointer/read
x1000c1s5b0n0:95699:95731 [3] NCCL INFO NET/IB: Dev 0 Port 1 qpn 2138 mtu 5 GID 0 (80FE/C00A00FEFF000000)
x1000c1s4b0n1:36728:36757 [0] NCCL INFO Channel 02 : 4[2000] -> 5[41000] via P2P/direct pointer/read
x1000c1s4b0n0:37351:37384 [2] NCCL INFO Channel 02 : 2[81000] -> 1[41000] via P2P/direct pointer/read
x1000c1s4b0n1:36728:36757 [0] NCCL INFO Channel 03 : 4[2000] -> 5[41000] via P2P/direct pointer/read
x1000c1s4b0n0:37351:37384 [2] NCCL INFO Channel 03 : 2[81000] -> 1[41000] via P2P/direct pointer/read
x1000c1s4b0n1:36728:36758 [1] NCCL INFO Connected all rings
x1000c1s4b0n1:36728:36758 [1] NCCL INFO GPU Direct RDMA Disabled for GPU 41000 / HCA 1 (distance 6 > 4)
x1000c1s5b0n0:95699:95731 [3] NCCL INFO NET/IB: Dev 1 Port 1 qpn 2053 mtu 5 GID 0 (80FE/C10A00FEFF000000)
x1000c1s4b0n0:37351:37385 [3] NCCL INFO NET/IB: Dev 1 Port 1 qpn 2481 mtu 5 GID 0 (80FE/D10A00FEFF000000)
x1000c1s5b0n0:95699:95731 [3] NCCL INFO NET/IB: Dev 0 Port 1 qpn 2139 mtu 5 GID 0 (80FE/C00A00FEFF000000)
x1000c1s4b0n1:36728:36758 [1] NCCL INFO Channel 02 : 5[41000] -> 8[2000] [send] via NET/IB/1
x1000c1s4b0n1:36728:36758 [1] NCCL INFO GPU Direct RDMA Disabled for GPU 41000 / HCA 0 (distance 6 > 4)
x1000c1s4b0n1:36728:36758 [1] NCCL INFO Channel 03 : 5[41000] -> 8[2000] [send] via NET/IB/0
x1000c1s4b0n0:37351:37385 [3] NCCL INFO NET/IB: Dev 0 Port 1 qpn 2573 mtu 5 GID 0 (80FE/D00A00FEFF000000)
x1000c1s5b0n0:95699:95731 [3] NCCL INFO Connected all rings
x1000c1s5b0n0:95699:95731 [3] NCCL INFO Channel 00 : 11[c1000] -> 10[81000] via P2P/direct pointer/read
x1000c1s5b0n0:95699:95731 [3] NCCL INFO Channel 01 : 11[c1000] -> 10[81000] via P2P/direct pointer/read
x1000c1s5b0n0:95699:95731 [3] NCCL INFO Channel 02 : 11[c1000] -> 10[81000] via P2P/direct pointer/read
x1000c1s5b0n0:95699:95731 [3] NCCL INFO Channel 03 : 11[c1000] -> 10[81000] via P2P/direct pointer/read
x1000c1s5b0n0:95699:95731 [3] NCCL INFO Connected all trees
x1000c1s5b0n0:95699:95731 [3] NCCL INFO threadThresholds 8/8/64 | 128/8/64 | 8/8/64
x1000c1s5b0n0:95699:95731 [3] NCCL INFO 4 coll channels, 4 p2p channels, 1 p2p channels per peer
x1000c1s4b0n1:36728:36760 [3] NCCL INFO NET/IB: Dev 1 Port 1 qpn 2926 mtu 5 GID 0 (80FE/110B00FEFF000000)
x1000c1s4b0n0:37351:37385 [3] NCCL INFO NET/IB: Dev 1 Port 1 qpn 2483 mtu 5 GID 0 (80FE/D10A00FEFF000000)
x1000c1s4b0n0:37351:37385 [3] NCCL INFO NET/IB: Dev 0 Port 1 qpn 2576 mtu 5 GID 0 (80FE/D00A00FEFF000000)
x1000c1s5b0n1:82174:82214 [0] NCCL INFO Connected all rings
x1000c1s5b0n1:82174:82214 [0] NCCL INFO GPU Direct RDMA Disabled for GPU 2000 / HCA 1 (distance 5 > 4)
x1000c1s5b0n1:82174:82214 [0] NCCL INFO Channel 00 : 8[2000] -> 12[2000] [receive] via NET/IB/1
x1000c1s5b0n1:82174:82214 [0] NCCL INFO GPU Direct RDMA Disabled for GPU 2000 / HCA 0 (distance 6 > 4)
x1000c1s4b0n1:36728:36760 [3] NCCL INFO NET/IB: Dev 0 Port 1 qpn 3006 mtu 5 GID 0 (80FE/100B00FEFF000000)
x1000c1s4b0n1:36728:36760 [3] NCCL INFO NET/IB: Dev 1 Port 1 qpn 2929 mtu 5 GID 0 (80FE/110B00FEFF000000)
x1000c1s5b0n1:82174:82214 [0] NCCL INFO Channel 01 : 8[2000] -> 12[2000] [receive] via NET/IB/0
x1000c1s4b0n0:37351:37385 [3] NCCL INFO Connected all rings
x1000c1s4b0n1:36728:36760 [3] NCCL INFO NET/IB: Dev 0 Port 1 qpn 3009 mtu 5 GID 0 (80FE/100B00FEFF000000)
x1000c1s4b0n0:37351:37385 [3] NCCL INFO Channel 00 : 3[c1000] -> 2[81000] via P2P/direct pointer/read
x1000c1s4b0n0:37351:37385 [3] NCCL INFO Channel 01 : 3[c1000] -> 2[81000] via P2P/direct pointer/read
x1000c1s4b0n0:37351:37382 [0] NCCL INFO Connected all rings
x1000c1s4b0n0:37351:37382 [0] NCCL INFO GPU Direct RDMA Disabled for GPU 2000 / HCA 1 (distance 5 > 4)
x1000c1s4b0n0:37351:37382 [0] NCCL INFO Channel 02 : 0[2000] -> 4[2000] [send] via NET/IB/1
x1000c1s4b0n0:37351:37382 [0] NCCL INFO GPU Direct RDMA Disabled for GPU 2000 / HCA 0 (distance 6 > 4)
x1000c1s4b0n1:36728:36760 [3] NCCL INFO Connected all rings
x1000c1s4b0n1:36728:36760 [3] NCCL INFO Channel 00 : 7[c1000] -> 6[81000] via P2P/direct pointer/read
x1000c1s4b0n1:36728:36760 [3] NCCL INFO Channel 01 : 7[c1000] -> 6[81000] via P2P/direct pointer/read
x1000c1s5b0n0:95699:95728 [0] NCCL INFO Connected all rings
x1000c1s5b0n0:95699:95728 [0] NCCL INFO GPU Direct RDMA Disabled for GPU 2000 / HCA 1 (distance 5 > 4)
x1000c1s4b0n1:36728:36760 [3] NCCL INFO Channel 02 : 7[c1000] -> 6[81000] via P2P/direct pointer/read
x1000c1s4b0n0:37351:37382 [0] NCCL INFO Channel 03 : 0[2000] -> 4[2000] [send] via NET/IB/0
x1000c1s4b0n1:36728:36760 [3] NCCL INFO Channel 03 : 7[c1000] -> 6[81000] via P2P/direct pointer/read
x1000c1s4b0n0:37351:37385 [3] NCCL INFO Channel 02 : 3[c1000] -> 2[81000] via P2P/direct pointer/read
x1000c1s4b0n1:36728:36760 [3] NCCL INFO Connected all trees
x1000c1s4b0n0:37351:37385 [3] NCCL INFO Channel 03 : 3[c1000] -> 2[81000] via P2P/direct pointer/read
x1000c1s4b0n1:36728:36760 [3] NCCL INFO threadThresholds 8/8/64 | 128/8/64 | 8/8/64
x1000c1s4b0n1:36728:36760 [3] NCCL INFO 4 coll channels, 4 p2p channels, 1 p2p channels per peer
x1000c1s4b0n0:37351:37385 [3] NCCL INFO Connected all trees
x1000c1s4b0n0:37351:37385 [3] NCCL INFO threadThresholds 8/8/64 | 128/8/64 | 8/8/64
x1000c1s4b0n0:37351:37385 [3] NCCL INFO 4 coll channels, 4 p2p channels, 1 p2p channels per peer
x1000c1s4b0n0:37351:37384 [2] NCCL INFO Connected all trees
x1000c1s4b0n0:37351:37384 [2] NCCL INFO threadThresholds 8/8/64 | 128/8/64 | 8/8/64
x1000c1s4b0n0:37351:37384 [2] NCCL INFO 4 coll channels, 4 p2p channels, 1 p2p channels per peer
x1000c1s5b0n0:95699:95728 [0] NCCL INFO Channel 02 : 5[41000] -> 8[2000] [receive] via NET/IB/1
x1000c1s5b0n0:95699:95728 [0] NCCL INFO GPU Direct RDMA Disabled for GPU 2000 / HCA 0 (distance 6 > 4)
x1000c1s5b0n0:95699:95728 [0] NCCL INFO Channel 03 : 5[41000] -> 8[2000] [receive] via NET/IB/0
x1000c1s4b0n1:36728:36757 [0] NCCL INFO Connected all rings
x1000c1s4b0n1:36728:36757 [0] NCCL INFO GPU Direct RDMA Disabled for GPU 2000 / HCA 1 (distance 5 > 4)
x1000c1s4b0n1:36728:36758 [1] NCCL INFO NET/IB: Dev 1 Port 1 qpn 2932 mtu 5 GID 0 (80FE/110B00FEFF000000)
x1000c1s4b0n1:36728:36757 [0] NCCL INFO Channel 02 : 0[2000] -> 4[2000] [receive] via NET/IB/1
x1000c1s4b0n1:36728:36757 [0] NCCL INFO GPU Direct RDMA Disabled for GPU 2000 / HCA 0 (distance 6 > 4)
x1000c1s4b0n1:36728:36757 [0] NCCL INFO Channel 03 : 0[2000] -> 4[2000] [receive] via NET/IB/0
x1000c1s4b0n1:36728:36758 [1] NCCL INFO NET/IB: Dev 0 Port 1 qpn 3012 mtu 5 GID 0 (80FE/100B00FEFF000000)
x1000c1s4b0n1:36728:36758 [1] NCCL INFO GPU Direct RDMA Disabled for GPU 41000 / HCA 1 (distance 6 > 4)
x1000c1s4b0n0:37351:37382 [0] NCCL INFO NET/IB: Dev 1 Port 1 qpn 2486 mtu 5 GID 0 (80FE/D10A00FEFF000000)
x1000c1s4b0n1:36728:36758 [1] NCCL INFO Channel 02 : 8[2000] -> 5[41000] [receive] via NET/IB/1
x1000c1s4b0n1:36728:36758 [1] NCCL INFO GPU Direct RDMA Disabled for GPU 41000 / HCA 0 (distance 6 > 4)
x1000c1s5b0n0:95699:95728 [0] NCCL INFO GPU Direct RDMA Disabled for GPU 2000 / HCA 1 (distance 5 > 4)
x1000c1s4b0n0:37351:37382 [0] NCCL INFO NET/IB: Dev 0 Port 1 qpn 2579 mtu 5 GID 0 (80FE/D00A00FEFF000000)
x1000c1s5b0n0:95699:95728 [0] NCCL INFO Channel 00 : 8[2000] -> 12[2000] [send] via NET/IB/1
x1000c1s5b0n0:95699:95728 [0] NCCL INFO GPU Direct RDMA Disabled for GPU 2000 / HCA 0 (distance 6 > 4)
x1000c1s4b0n1:36728:36758 [1] NCCL INFO Channel 03 : 8[2000] -> 5[41000] [receive] via NET/IB/0
x1000c1s4b0n0:37351:37382 [0] NCCL INFO GPU Direct RDMA Disabled for GPU 2000 / HCA 1 (distance 5 > 4)
x1000c1s5b0n0:95699:95728 [0] NCCL INFO Channel 01 : 8[2000] -> 12[2000] [send] via NET/IB/0
x1000c1s4b0n0:37351:37382 [0] NCCL INFO Channel 00 : 8[2000] -> 0[2000] [receive] via NET/IB/1
x1000c1s4b0n0:37351:37382 [0] NCCL INFO GPU Direct RDMA Disabled for GPU 2000 / HCA 0 (distance 6 > 4)
x1000c1s5b0n0:95699:95728 [0] NCCL INFO NET/IB: Dev 1 Port 1 qpn 2060 mtu 5 GID 0 (80FE/C10A00FEFF000000)
x1000c1s4b0n0:37351:37382 [0] NCCL INFO Channel 01 : 8[2000] -> 0[2000] [receive] via NET/IB/0
x1000c1s4b0n0:37351:37382 [0] NCCL INFO GPU Direct RDMA Disabled for GPU 2000 / HCA 1 (distance 5 > 4)
x1000c1s4b0n1:36728:36757 [0] NCCL INFO GPU Direct RDMA Disabled for GPU 2000 / HCA 1 (distance 5 > 4)
x1000c1s5b0n0:95699:95728 [0] NCCL INFO NET/IB: Dev 0 Port 1 qpn 2146 mtu 5 GID 0 (80FE/C00A00FEFF000000)
x1000c1s5b0n0:95699:95728 [0] NCCL INFO GPU Direct RDMA Disabled for GPU 2000 / HCA 1 (distance 5 > 4)
x1000c1s4b0n0:37351:37382 [0] NCCL INFO Channel 00 : 0[2000] -> 8[2000] [send] via NET/IB/1
x1000c1s4b0n0:37351:37382 [0] NCCL INFO GPU Direct RDMA Disabled for GPU 2000 / HCA 0 (distance 6 > 4)
x1000c1s4b0n1:36728:36757 [0] NCCL INFO Channel 00 : 4[2000] -> 9[41000] [send] via NET/IB/1
x1000c1s4b0n1:36728:36757 [0] NCCL INFO GPU Direct RDMA Disabled for GPU 2000 / HCA 0 (distance 6 > 4)
x1000c1s5b0n0:95699:95728 [0] NCCL INFO Channel 00 : 0[2000] -> 8[2000] [receive] via NET/IB/1
x1000c1s5b0n0:95699:95728 [0] NCCL INFO GPU Direct RDMA Disabled for GPU 2000 / HCA 0 (distance 6 > 4)
x1000c1s5b0n0:95699:95728 [0] NCCL INFO Channel 01 : 0[2000] -> 8[2000] [receive] via NET/IB/0
x1000c1s5b0n0:95699:95728 [0] NCCL INFO GPU Direct RDMA Disabled for GPU 2000 / HCA 1 (distance 5 > 4)
x1000c1s4b0n1:36728:36757 [0] NCCL INFO Channel 01 : 4[2000] -> 9[41000] [send] via NET/IB/0
x1000c1s4b0n1:36728:36757 [0] NCCL INFO NET/IB: Dev 1 Port 1 qpn 2935 mtu 5 GID 0 (80FE/110B00FEFF000000)
x1000c1s5b0n1:82174:82214 [0] NCCL INFO GPU Direct RDMA Disabled for GPU 2000 / HCA 1 (distance 5 > 4)
x1000c1s5b0n0:95699:95728 [0] NCCL INFO Channel 00 : 8[2000] -> 0[2000] [send] via NET/IB/1
x1000c1s5b0n0:95699:95728 [0] NCCL INFO GPU Direct RDMA Disabled for GPU 2000 / HCA 0 (distance 6 > 4)
x1000c1s4b0n1:36728:36757 [0] NCCL INFO NET/IB: Dev 0 Port 1 qpn 3015 mtu 5 GID 0 (80FE/100B00FEFF000000)
x1000c1s4b0n1:36728:36757 [0] NCCL INFO GPU Direct RDMA Disabled for GPU 2000 / HCA 1 (distance 5 > 4)
x1000c1s4b0n0:37351:37382 [0] NCCL INFO Channel 01 : 0[2000] -> 8[2000] [send] via NET/IB/0
x1000c1s5b0n0:95699:95728 [0] NCCL INFO Channel 01 : 8[2000] -> 0[2000] [send] via NET/IB/0
x1000c1s5b0n1:82174:82214 [0] NCCL INFO Channel 02 : 4[2000] -> 12[2000] [receive] via NET/IB/1
x1000c1s5b0n1:82174:82214 [0] NCCL INFO GPU Direct RDMA Disabled for GPU 2000 / HCA 0 (distance 6 > 4)
x1000c1s5b0n0:95699:95728 [0] NCCL INFO NET/IB: Dev 1 Port 1 qpn 2063 mtu 5 GID 0 (80FE/C10A00FEFF000000)
x1000c1s4b0n1:36728:36757 [0] NCCL INFO Channel 02 : 12[2000] -> 4[2000] [receive] via NET/IB/1
x1000c1s4b0n1:36728:36757 [0] NCCL INFO GPU Direct RDMA Disabled for GPU 2000 / HCA 0 (distance 6 > 4)
x1000c1s5b0n1:82174:82214 [0] NCCL INFO Channel 03 : 4[2000] -> 12[2000] [receive] via NET/IB/0
x1000c1s5b0n1:82174:82214 [0] NCCL INFO GPU Direct RDMA Disabled for GPU 2000 / HCA 1 (distance 5 > 4)
x1000c1s4b0n0:37351:37382 [0] NCCL INFO NET/IB: Dev 1 Port 1 qpn 2487 mtu 5 GID 0 (80FE/D10A00FEFF000000)
x1000c1s5b0n0:95699:95728 [0] NCCL INFO NET/IB: Dev 0 Port 1 qpn 2148 mtu 5 GID 0 (80FE/C00A00FEFF000000)
x1000c1s5b0n0:95699:95729 [1] NCCL INFO GPU Direct RDMA Disabled for GPU 41000 / HCA 1 (distance 6 > 4)
x1000c1s4b0n1:36728:36757 [0] NCCL INFO Channel 03 : 12[2000] -> 4[2000] [receive] via NET/IB/0
x1000c1s4b0n1:36728:36757 [0] NCCL INFO GPU Direct RDMA Disabled for GPU 2000 / HCA 1 (distance 5 > 4)
x1000c1s5b0n1:82174:82214 [0] NCCL INFO Channel 02 : 12[2000] -> 4[2000] [send] via NET/IB/1
x1000c1s5b0n1:82174:82214 [0] NCCL INFO GPU Direct RDMA Disabled for GPU 2000 / HCA 0 (distance 6 > 4)
x1000c1s4b0n0:37351:37382 [0] NCCL INFO NET/IB: Dev 0 Port 1 qpn 2580 mtu 5 GID 0 (80FE/D00A00FEFF000000)
x1000c1s5b0n1:82174:82214 [0] NCCL INFO Channel 03 : 12[2000] -> 4[2000] [send] via NET/IB/0
x1000c1s4b0n1:36728:36757 [0] NCCL INFO Channel 02 : 4[2000] -> 12[2000] [send] via NET/IB/1
x1000c1s4b0n1:36728:36757 [0] NCCL INFO GPU Direct RDMA Disabled for GPU 2000 / HCA 0 (distance 6 > 4)
x1000c1s5b0n0:95699:95729 [1] NCCL INFO Channel 00 : 9[41000] -> 4[2000] [send] via NET/IB/1
x1000c1s5b0n0:95699:95729 [1] NCCL INFO GPU Direct RDMA Disabled for GPU 41000 / HCA 0 (distance 6 > 4)
x1000c1s5b0n0:95699:95729 [1] NCCL INFO Channel 01 : 9[41000] -> 4[2000] [send] via NET/IB/0
x1000c1s4b0n0:37351:37382 [0] NCCL INFO GPU Direct RDMA Disabled for GPU 2000 / HCA 1 (distance 5 > 4)
x1000c1s4b0n1:36728:36757 [0] NCCL INFO Channel 03 : 4[2000] -> 12[2000] [send] via NET/IB/0
x1000c1s4b0n0:37351:37382 [0] NCCL INFO Channel 02 : 4[2000] -> 0[2000] [receive] via NET/IB/1
x1000c1s4b0n0:37351:37382 [0] NCCL INFO GPU Direct RDMA Disabled for GPU 2000 / HCA 0 (distance 6 > 4)
x1000c1s5b0n0:95699:95728 [0] NCCL INFO GPU Direct RDMA Disabled for GPU 2000 / HCA 1 (distance 5 > 4)
x1000c1s4b0n1:36728:36757 [0] NCCL INFO NET/IB: Dev 1 Port 1 qpn 2936 mtu 5 GID 0 (80FE/110B00FEFF000000)
x1000c1s5b0n1:82174:82214 [0] NCCL INFO NET/IB: Dev 1 Port 1 qpn 762 mtu 5 GID 0 (80FE/10B00FEFF000000)
x1000c1s5b0n0:95699:95728 [0] NCCL INFO Channel 00 : 12[2000] -> 8[2000] [receive] via NET/IB/1
x1000c1s5b0n0:95699:95728 [0] NCCL INFO GPU Direct RDMA Disabled for GPU 2000 / HCA 0 (distance 6 > 4)
x1000c1s4b0n1:36728:36757 [0] NCCL INFO NET/IB: Dev 0 Port 1 qpn 3016 mtu 5 GID 0 (80FE/100B00FEFF000000)
x1000c1s5b0n1:82174:82214 [0] NCCL INFO NET/IB: Dev 0 Port 1 qpn 795 mtu 5 GID 0 (80FE/B00FEFF000000)
x1000c1s5b0n0:95699:95728 [0] NCCL INFO Channel 01 : 12[2000] -> 8[2000] [receive] via NET/IB/0
x1000c1s4b0n0:37351:37382 [0] NCCL INFO Channel 03 : 4[2000] -> 0[2000] [receive] via NET/IB/0
x1000c1s4b0n1:36728:36757 [0] NCCL INFO GPU Direct RDMA Disabled for GPU 2000 / HCA 1 (distance 5 > 4)
x1000c1s5b0n1:82174:82214 [0] NCCL INFO GPU Direct RDMA Disabled for GPU 2000 / HCA 1 (distance 5 > 4)
x1000c1s4b0n1:36728:36757 [0] NCCL INFO Channel 00 : 9[41000] -> 4[2000] [receive] via NET/IB/1
x1000c1s4b0n1:36728:36757 [0] NCCL INFO GPU Direct RDMA Disabled for GPU 2000 / HCA 0 (distance 6 > 4)
x1000c1s5b0n1:82174:82214 [0] NCCL INFO Channel 00 : 12[2000] -> 8[2000] [send] via NET/IB/1
x1000c1s5b0n1:82174:82214 [0] NCCL INFO GPU Direct RDMA Disabled for GPU 2000 / HCA 0 (distance 6 > 4)
x1000c1s4b0n1:36728:36757 [0] NCCL INFO Channel 01 : 9[41000] -> 4[2000] [receive] via NET/IB/0
x1000c1s5b0n1:82174:82214 [0] NCCL INFO Channel 01 : 12[2000] -> 8[2000] [send] via NET/IB/0
x1000c1s5b0n1:82174:82214 [0] NCCL INFO NET/IB: Dev 1 Port 1 qpn 765 mtu 5 GID 0 (80FE/10B00FEFF000000)
x1000c1s5b0n0:95699:95729 [1] NCCL INFO NET/IB: Dev 1 Port 1 qpn 2066 mtu 5 GID 0 (80FE/C10A00FEFF000000)
x1000c1s5b0n1:82174:82214 [0] NCCL INFO NET/IB: Dev 0 Port 1 qpn 798 mtu 5 GID 0 (80FE/B00FEFF000000)
x1000c1s5b0n0:95699:95729 [1] NCCL INFO NET/IB: Dev 0 Port 1 qpn 2152 mtu 5 GID 0 (80FE/C00A00FEFF000000)
x1000c1s5b0n1:82174:82214 [0] NCCL INFO Connected all trees
x1000c1s5b0n1:82174:82214 [0] NCCL INFO threadThresholds 8/8/64 | 128/8/64 | 8/8/64
x1000c1s5b0n1:82174:82214 [0] NCCL INFO 4 coll channels, 4 p2p channels, 1 p2p channels per peer
x1000c1s5b0n1:82174:82214 [0] NCCL INFO comm 0x7f3c64000de0 rank 12 nranks 16 cudaDev 0 busId 2000 - Init COMPLETE
x1000c1s5b0n1:82174:82215 [1] NCCL INFO Connected all trees
x1000c1s5b0n1:82174:82215 [1] NCCL INFO threadThresholds 8/8/64 | 128/8/64 | 8/8/64
x1000c1s5b0n1:82174:82215 [1] NCCL INFO 4 coll channels, 4 p2p channels, 1 p2p channels per peer
x1000c1s5b0n1:82174:82215 [1] NCCL INFO comm 0x7f3b40000de0 rank 13 nranks 16 cudaDev 1 busId 41000 - Init COMPLETE
x1000c1s5b0n1:82174:82216 [2] NCCL INFO comm 0x7f3b38000de0 rank 14 nranks 16 cudaDev 2 busId 81000 - Init COMPLETE
x1000c1s5b0n1:82174:82217 [3] NCCL INFO comm 0x7f3b3c000de0 rank 15 nranks 16 cudaDev 3 busId c1000 - Init COMPLETE
x1000c1s4b0n1:36728:36757 [0] NCCL INFO GPU Direct RDMA Disabled for GPU 2000 / HCA 1 (distance 5 > 4)
x1000c1s4b0n1:36728:36757 [0] NCCL INFO Channel 02 : 4[2000] -> 0[2000] [send] via NET/IB/1
x1000c1s4b0n1:36728:36757 [0] NCCL INFO GPU Direct RDMA Disabled for GPU 2000 / HCA 0 (distance 6 > 4)
x1000c1s5b0n0:95699:95729 [1] NCCL INFO Channel 00 : 9[41000] -> 8[2000] via P2P/direct pointer/read
x1000c1s5b0n0:95699:95729 [1] NCCL INFO Channel 01 : 9[41000] -> 8[2000] via P2P/direct pointer/read
x1000c1s5b0n0:95699:95729 [1] NCCL INFO Channel 02 : 9[41000] -> 8[2000] via P2P/direct pointer/read
x1000c1s5b0n0:95699:95729 [1] NCCL INFO Channel 03 : 9[41000] -> 8[2000] via P2P/direct pointer/read
x1000c1s5b0n0:95699:95730 [2] NCCL INFO Connected all trees
x1000c1s5b0n0:95699:95730 [2] NCCL INFO threadThresholds 8/8/64 | 128/8/64 | 8/8/64
x1000c1s5b0n0:95699:95730 [2] NCCL INFO 4 coll channels, 4 p2p channels, 1 p2p channels per peer
x1000c1s4b0n1:36728:36757 [0] NCCL INFO Channel 03 : 4[2000] -> 0[2000] [send] via NET/IB/0
x1000c1s5b0n0:95699:95728 [0] NCCL INFO GPU Direct RDMA Disabled for GPU 2000 / HCA 1 (distance 5 > 4)
x1000c1s4b0n1:36728:36757 [0] NCCL INFO NET/IB: Dev 1 Port 1 qpn 2941 mtu 5 GID 0 (80FE/110B00FEFF000000)
x1000c1s4b0n1:36728:36757 [0] NCCL INFO NET/IB: Dev 0 Port 1 qpn 3021 mtu 5 GID 0 (80FE/100B00FEFF000000)
x1000c1s5b0n0:95699:95728 [0] NCCL INFO Channel 02 : 8[2000] -> 5[41000] [send] via NET/IB/1
x1000c1s5b0n0:95699:95728 [0] NCCL INFO GPU Direct RDMA Disabled for GPU 2000 / HCA 0 (distance 6 > 4)
x1000c1s5b0n0:95699:95728 [0] NCCL INFO Channel 03 : 8[2000] -> 5[41000] [send] via NET/IB/0
x1000c1s5b0n0:95699:95728 [0] NCCL INFO NET/IB: Dev 1 Port 1 qpn 2069 mtu 5 GID 0 (80FE/C10A00FEFF000000)
x1000c1s5b0n0:95699:95728 [0] NCCL INFO NET/IB: Dev 0 Port 1 qpn 2155 mtu 5 GID 0 (80FE/C00A00FEFF000000)
x1000c1s5b0n0:95699:95728 [0] NCCL INFO Connected all trees
x1000c1s5b0n0:95699:95728 [0] NCCL INFO threadThresholds 8/8/64 | 128/8/64 | 8/8/64
x1000c1s5b0n0:95699:95728 [0] NCCL INFO 4 coll channels, 4 p2p channels, 1 p2p channels per peer
x1000c1s5b0n0:95699:95728 [0] NCCL INFO comm 0x7f2800000de0 rank 8 nranks 16 cudaDev 0 busId 2000 - Init COMPLETE
x1000c1s4b0n0:37351:37382 [0] NCCL INFO Connected all trees
x1000c1s4b0n0:37351:37382 [0] NCCL INFO Latency/AlgBw |    Tree/    LL |    Tree/ LL128 |    Tree/Simple |    Ring/    LL |    Ring/ LL128 |    Ring/Simple | CollNet/    LL | CollNet/ LL128 | CollNet/Simple |
x1000c1s4b0n0:37351:37382 [0] NCCL INFO  Max NThreads |            512 |            640 |            512 |            512 |            640 |            512 |            512 |            640 |            512 |
x1000c1s4b0n0:37351:37382 [0] NCCL INFO     Broadcast |     0.0/   0.0 |     0.0/   0.0 |     0.0/   0.0 |     6.3/   6.0 |    14.0/   0.0 |    18.0/  24.0 |     0.0/   0.0 |     0.0/   0.0 |     0.0/   0.0 |
x1000c1s4b0n0:37351:37382 [0] NCCL INFO        Reduce |     0.0/   0.0 |     0.0/   0.0 |     0.0/   0.0 |     6.3/   6.0 |    14.0/   0.0 |    18.0/  24.0 |     0.0/   0.0 |     0.0/   0.0 |     0.0/   0.0 |
x1000c1s4b0n0:37351:37382 [0] NCCL INFO     AllGather |     0.0/   0.0 |     0.0/   0.0 |     0.0/   0.0 |    21.9/   6.4 |    44.8/   0.0 |    78.0/  25.6 |     0.0/   0.0 |     0.0/   0.0 |     0.0/   0.0 |
x1000c1s4b0n0:37351:37382 [0] NCCL INFO ReduceScatter |     0.0/   0.0 |     0.0/   0.0 |     0.0/   0.0 |    21.9/   6.4 |    44.8/   0.0 |    78.0/  25.6 |     0.0/   0.0 |     0.0/   0.0 |     0.0/   0.0 |
x1000c1s4b0n0:37351:37382 [0] NCCL INFO     AllReduce |    30.0/   2.9 |    45.9/   0.0 |   280.0/  11.0 |    40.1/   3.2 |    79.6/   0.0 |   147.6/  12.8 |    14.8/   0.0 |    16.6/   0.0 |    34.7/   0.0 |
x1000c1s4b0n0:37351:37382 [0] NCCL INFO threadThresholds 8/8/64 | 128/8/64 | 8/8/64
x1000c1s4b0n0:37351:37382 [0] NCCL INFO 4 coll channels, 4 p2p channels, 1 p2p channels per peer
x1000c1s4b0n0:37351:37382 [0] NCCL INFO comm 0x7fab60000de0 rank 0 nranks 16 cudaDev 0 busId 2000 - Init COMPLETE
x1000c1s4b0n0:37351:37383 [1] NCCL INFO Connected all trees
x1000c1s4b0n0:37351:37383 [1] NCCL INFO threadThresholds 8/8/64 | 128/8/64 | 8/8/64
x1000c1s4b0n0:37351:37383 [1] NCCL INFO 4 coll channels, 4 p2p channels, 1 p2p channels per peer
x1000c1s4b0n0:37351:37383 [1] NCCL INFO comm 0x7faa50000de0 rank 1 nranks 16 cudaDev 1 busId 41000 - Init COMPLETE
x1000c1s5b0n0:95699:95729 [1] NCCL INFO Connected all trees
x1000c1s5b0n0:95699:95729 [1] NCCL INFO threadThresholds 8/8/64 | 128/8/64 | 8/8/64
x1000c1s5b0n0:95699:95729 [1] NCCL INFO 4 coll channels, 4 p2p channels, 1 p2p channels per peer
x1000c1s5b0n0:95699:95729 [1] NCCL INFO comm 0x7f27e4000de0 rank 9 nranks 16 cudaDev 1 busId 41000 - Init COMPLETE
x1000c1s4b0n0:37351:37385 [3] NCCL INFO comm 0x7faa40000de0 rank 3 nranks 16 cudaDev 3 busId c1000 - Init COMPLETE
x1000c1s5b0n0:95699:95730 [2] NCCL INFO comm 0x7f27dc000de0 rank 10 nranks 16 cudaDev 2 busId 81000 - Init COMPLETE
x1000c1s5b0n0:95699:95731 [3] NCCL INFO comm 0x7f27e0000de0 rank 11 nranks 16 cudaDev 3 busId c1000 - Init COMPLETE
x1000c1s4b0n0:37351:37384 [2] NCCL INFO comm 0x7faa48000de0 rank 2 nranks 16 cudaDev 2 busId 81000 - Init COMPLETE
#
#                                                              out-of-place                       in-place          
#       size         count      type   redop    root     time   algbw   busbw #wrong     time   algbw   busbw #wrong
#        (B)    (elements)                               (us)  (GB/s)  (GB/s)            (us)  (GB/s)  (GB/s)       
x1000c1s4b0n1:36728:36758 [1] NCCL INFO Channel 00 : 5[41000] -> 4[2000] via P2P/direct pointer/read
x1000c1s4b0n1:36728:36758 [1] NCCL INFO Channel 01 : 5[41000] -> 4[2000] via P2P/direct pointer/read
x1000c1s4b0n1:36728:36758 [1] NCCL INFO Channel 02 : 5[41000] -> 4[2000] via P2P/direct pointer/read
x1000c1s4b0n1:36728:36758 [1] NCCL INFO Channel 03 : 5[41000] -> 4[2000] via P2P/direct pointer/read
x1000c1s4b0n1:36728:36758 [1] NCCL INFO Connected all trees
x1000c1s4b0n1:36728:36758 [1] NCCL INFO threadThresholds 8/8/64 | 128/8/64 | 8/8/64
x1000c1s4b0n1:36728:36758 [1] NCCL INFO 4 coll channels, 4 p2p channels, 1 p2p channels per peer
x1000c1s4b0n1:36728:36759 [2] NCCL INFO Connected all trees
x1000c1s4b0n1:36728:36759 [2] NCCL INFO threadThresholds 8/8/64 | 128/8/64 | 8/8/64
x1000c1s4b0n1:36728:36759 [2] NCCL INFO 4 coll channels, 4 p2p channels, 1 p2p channels per peer
x1000c1s4b0n1:36728:36757 [0] NCCL INFO Connected all trees
x1000c1s4b0n1:36728:36757 [0] NCCL INFO threadThresholds 8/8/64 | 128/8/64 | 8/8/64
x1000c1s4b0n1:36728:36757 [0] NCCL INFO 4 coll channels, 4 p2p channels, 1 p2p channels per peer
x1000c1s4b0n1:36728:36757 [0] NCCL INFO comm 0x7fd320000de0 rank 4 nranks 16 cudaDev 0 busId 2000 - Init COMPLETE
x1000c1s4b0n1:36728:36758 [1] NCCL INFO comm 0x7fd308000de0 rank 5 nranks 16 cudaDev 1 busId 41000 - Init COMPLETE
x1000c1s4b0n1:36728:36759 [2] NCCL INFO comm 0x7fd300000de0 rank 6 nranks 16 cudaDev 2 busId 81000 - Init COMPLETE
x1000c1s4b0n1:36728:36760 [3] NCCL INFO comm 0x7fd2f8000de0 rank 7 nranks 16 cudaDev 3 busId c1000 - Init COMPLETE
x1000c1s5b0n1:82174:82226 [0] NCCL INFO GPU Direct RDMA Disabled for GPU 2000 / HCA 1 (distance 5 > 4)
x1000c1s4b0n1:36728:36770 [0] NCCL INFO GPU Direct RDMA Disabled for GPU 2000 / HCA 1 (distance 5 > 4)
x1000c1s5b0n0:95699:95740 [0] NCCL INFO GPU Direct RDMA Disabled for GPU 2000 / HCA 1 (distance 5 > 4)
x1000c1s5b0n1:82174:82226 [0] NCCL INFO Channel 02 : 10[81000] -> 12[2000] [receive] via NET/IB/1/Shared
x1000c1s4b0n0:37351:37397 [0] NCCL INFO GPU Direct RDMA Disabled for GPU 2000 / HCA 1 (distance 5 > 4)
x1000c1s4b0n0:37351:37397 [0] NCCL INFO Channel 02 : 14[81000] -> 0[2000] [receive] via NET/IB/1/Shared
x1000c1s5b0n0:95699:95740 [0] NCCL INFO Channel 02 : 6[81000] -> 8[2000] [receive] via NET/IB/1/Shared
x1000c1s5b0n1:82174:82227 [1] NCCL INFO GPU Direct RDMA Disabled for GPU 41000 / HCA 1 (distance 6 > 4)
x1000c1s4b0n1:36728:36770 [0] NCCL INFO Channel 02 : 2[81000] -> 4[2000] [receive] via NET/IB/1/Shared
x1000c1s4b0n0:37351:37398 [1] NCCL INFO GPU Direct RDMA Disabled for GPU 41000 / HCA 1 (distance 6 > 4)
x1000c1s5b0n0:95699:95741 [1] NCCL INFO GPU Direct RDMA Disabled for GPU 41000 / HCA 1 (distance 6 > 4)
x1000c1s4b0n1:36728:36771 [1] NCCL INFO GPU Direct RDMA Disabled for GPU 41000 / HCA 1 (distance 6 > 4)
x1000c1s4b0n0:37351:37397 [0] NCCL INFO Channel 02 : 0[2000] -> 2[81000] via P2P/direct pointer/read
x1000c1s5b0n0:95699:95740 [0] NCCL INFO Channel 02 : 8[2000] -> 10[81000] via P2P/direct pointer/read
x1000c1s5b0n1:82174:82228 [2] NCCL INFO GPU Direct RDMA Disabled for GPU 81000 / HCA 1 (distance 6 > 4)
x1000c1s4b0n1:36728:36770 [0] NCCL INFO Channel 02 : 4[2000] -> 6[81000] via P2P/direct pointer/read
x1000c1s5b0n0:95699:95742 [2] NCCL INFO GPU Direct RDMA Disabled for GPU 81000 / HCA 1 (distance 6 > 4)
x1000c1s5b0n1:82174:82226 [0] NCCL INFO Channel 02 : 12[2000] -> 14[81000] via P2P/direct pointer/read
x1000c1s4b0n1:36728:36771 [1] NCCL INFO Channel 02 : 3[c1000] -> 5[41000] [receive] via NET/IB/1/Shared
x1000c1s4b0n0:37351:37399 [2] NCCL INFO GPU Direct RDMA Disabled for GPU 81000 / HCA 1 (distance 6 > 4)
x1000c1s5b0n0:95699:95743 [3] NCCL INFO GPU Direct RDMA Disabled for GPU c1000 / HCA 0 (distance 5 > 4)
x1000c1s5b0n1:82174:82229 [3] NCCL INFO GPU Direct RDMA Disabled for GPU c1000 / HCA 0 (distance 5 > 4)
x1000c1s5b0n1:82174:82227 [1] NCCL INFO Channel 02 : 11[c1000] -> 13[41000] [receive] via NET/IB/1/Shared
x1000c1s4b0n1:36728:36771 [1] NCCL INFO Channel 02 : 5[41000] -> 7[c1000] via P2P/direct pointer/read
x1000c1s4b0n0:37351:37398 [1] NCCL INFO Channel 02 : 15[c1000] -> 1[41000] [receive] via NET/IB/1/Shared
x1000c1s5b0n0:95699:95741 [1] NCCL INFO Channel 02 : 7[c1000] -> 9[41000] [receive] via NET/IB/1/Shared
x1000c1s5b0n1:82174:82228 [2] NCCL INFO Channel 02 : 14[81000] -> 0[2000] [send] via NET/IB/1/Shared
x1000c1s4b0n1:36728:36773 [3] NCCL INFO GPU Direct RDMA Disabled for GPU c1000 / HCA 0 (distance 5 > 4)
x1000c1s4b0n0:37351:37398 [1] NCCL INFO Channel 02 : 1[41000] -> 3[c1000] via P2P/direct pointer/read
x1000c1s5b0n0:95699:95743 [3] NCCL INFO Channel 02 : 11[c1000] -> 13[41000] [send] via NET/IB/0/Shared
x1000c1s5b0n1:82174:82229 [3] NCCL INFO Channel 02 : 15[c1000] -> 1[41000] [send] via NET/IB/0/Shared
x1000c1s4b0n1:36728:36772 [2] NCCL INFO GPU Direct RDMA Disabled for GPU 81000 / HCA 1 (distance 6 > 4)
x1000c1s4b0n0:37351:37400 [3] NCCL INFO GPU Direct RDMA Disabled for GPU c1000 / HCA 0 (distance 5 > 4)
x1000c1s5b0n0:95699:95742 [2] NCCL INFO Channel 02 : 10[81000] -> 12[2000] [send] via NET/IB/1/Shared
x1000c1s5b0n1:82174:82227 [1] NCCL INFO Channel 02 : 13[41000] -> 15[c1000] via P2P/direct pointer/read
x1000c1s4b0n1:36728:36772 [2] NCCL INFO Channel 02 : 6[81000] -> 8[2000] [send] via NET/IB/1/Shared
x1000c1s4b0n0:37351:37399 [2] NCCL INFO Channel 02 : 2[81000] -> 4[2000] [send] via NET/IB/1/Shared
x1000c1s5b0n0:95699:95741 [1] NCCL INFO Channel 02 : 9[41000] -> 11[c1000] via P2P/direct pointer/read
x1000c1s5b0n1:82174:82228 [2] NCCL INFO NET/IB: Dev 1 Port 1 qpn 766 mtu 5 GID 0 (80FE/10B00FEFF000000)
x1000c1s4b0n1:36728:36773 [3] NCCL INFO Channel 02 : 7[c1000] -> 9[41000] [send] via NET/IB/0/Shared
x1000c1s4b0n0:37351:37400 [3] NCCL INFO Channel 02 : 3[c1000] -> 5[41000] [send] via NET/IB/0/Shared
x1000c1s5b0n0:95699:95742 [2] NCCL INFO NET/IB: Dev 1 Port 1 qpn 2070 mtu 5 GID 0 (80FE/C10A00FEFF000000)
x1000c1s4b0n1:36728:36773 [3] NCCL INFO NET/IB: Dev 0 Port 1 qpn 3024 mtu 5 GID 0 (80FE/100B00FEFF000000)
x1000c1s4b0n0:37351:37400 [3] NCCL INFO NET/IB: Dev 0 Port 1 qpn 2585 mtu 5 GID 0 (80FE/D00A00FEFF000000)
x1000c1s5b0n1:82174:82229 [3] NCCL INFO NET/IB: Dev 0 Port 1 qpn 799 mtu 5 GID 0 (80FE/B00FEFF000000)
x1000c1s4b0n0:37351:37399 [2] NCCL INFO NET/IB: Dev 1 Port 1 qpn 2492 mtu 5 GID 0 (80FE/D10A00FEFF000000)
x1000c1s5b0n0:95699:95743 [3] NCCL INFO NET/IB: Dev 0 Port 1 qpn 2156 mtu 5 GID 0 (80FE/C00A00FEFF000000)
x1000c1s4b0n1:36728:36772 [2] NCCL INFO NET/IB: Dev 1 Port 1 qpn 2944 mtu 5 GID 0 (80FE/110B00FEFF000000)
x1000c1s5b0n1:82174:82228 [2] NCCL INFO GPU Direct RDMA Disabled for GPU 81000 / HCA 0 (distance 6 > 4)
x1000c1s5b0n1:82174:82228 [2] NCCL INFO Channel 03 : 11[c1000] -> 14[81000] [receive] via NET/IB/0/Shared
x1000c1s5b0n1:82174:82228 [2] NCCL INFO GPU Direct RDMA Disabled for GPU 81000 / HCA 0 (distance 6 > 4)
x1000c1s5b0n1:82174:82228 [2] NCCL INFO Channel 03 : 14[81000] -> 1[41000] [send] via NET/IB/0/Shared
x1000c1s5b0n1:82174:82229 [3] NCCL INFO GPU Direct RDMA Disabled for GPU c1000 / HCA 0 (distance 5 > 4)
x1000c1s5b0n1:82174:82229 [3] NCCL INFO Channel 03 : 15[c1000] -> 2[81000] [send] via NET/IB/0/Shared
x1000c1s4b0n0:37351:37398 [1] NCCL INFO GPU Direct RDMA Disabled for GPU 41000 / HCA 0 (distance 6 > 4)
x1000c1s4b0n1:36728:36771 [1] NCCL INFO GPU Direct RDMA Disabled for GPU 41000 / HCA 0 (distance 6 > 4)
x1000c1s5b0n1:82174:82226 [0] NCCL INFO GPU Direct RDMA Disabled for GPU 2000 / HCA 1 (distance 5 > 4)
x1000c1s4b0n0:37351:37397 [0] NCCL INFO GPU Direct RDMA Disabled for GPU 2000 / HCA 1 (distance 5 > 4)
x1000c1s5b0n0:95699:95742 [2] NCCL INFO GPU Direct RDMA Disabled for GPU 81000 / HCA 0 (distance 6 > 4)
x1000c1s5b0n1:82174:82226 [0] NCCL INFO Channel 03 : 9[41000] -> 12[2000] [receive] via NET/IB/1/Shared
x1000c1s4b0n1:36728:36772 [2] NCCL INFO GPU Direct RDMA Disabled for GPU 81000 / HCA 0 (distance 6 > 4)
x1000c1s5b0n1:82174:82226 [0] NCCL INFO Channel 03 : 12[2000] -> 15[c1000] via P2P/direct pointer/read
x1000c1s4b0n1:36728:36772 [2] NCCL INFO Channel 03 : 3[c1000] -> 6[81000] [receive] via NET/IB/0/Shared
x1000c1s4b0n0:37351:37399 [2] NCCL INFO GPU Direct RDMA Disabled for GPU 81000 / HCA 0 (distance 6 > 4)
x1000c1s4b0n0:37351:37398 [1] NCCL INFO Channel 03 : 14[81000] -> 1[41000] [receive] via NET/IB/0/Shared
x1000c1s4b0n0:37351:37398 [1] NCCL INFO GPU Direct RDMA Disabled for GPU 41000 / HCA 0 (distance 6 > 4)
x1000c1s5b0n1:82174:82227 [1] NCCL INFO GPU Direct RDMA Disabled for GPU 41000 / HCA 0 (distance 6 > 4)
x1000c1s4b0n1:36728:36772 [2] NCCL INFO GPU Direct RDMA Disabled for GPU 81000 / HCA 0 (distance 6 > 4)
x1000c1s4b0n0:37351:37400 [3] NCCL INFO GPU Direct RDMA Disabled for GPU c1000 / HCA 0 (distance 5 > 4)
x1000c1s4b0n0:37351:37397 [0] NCCL INFO Channel 03 : 13[41000] -> 0[2000] [receive] via NET/IB/1/Shared
x1000c1s5b0n0:95699:95741 [1] NCCL INFO GPU Direct RDMA Disabled for GPU 41000 / HCA 0 (distance 6 > 4)
x1000c1s5b0n1:82174:82227 [1] NCCL INFO Channel 03 : 10[81000] -> 13[41000] [receive] via NET/IB/0/Shared
x1000c1s4b0n1:36728:36772 [2] NCCL INFO Channel 03 : 6[81000] -> 9[41000] [send] via NET/IB/0/Shared
x1000c1s4b0n0:37351:37400 [3] NCCL INFO Channel 03 : 3[c1000] -> 6[81000] [send] via NET/IB/0/Shared
x1000c1s5b0n1:82174:82227 [1] NCCL INFO GPU Direct RDMA Disabled for GPU 41000 / HCA 0 (distance 6 > 4)
x1000c1s4b0n1:36728:36770 [0] NCCL INFO GPU Direct RDMA Disabled for GPU 2000 / HCA 1 (distance 5 > 4)
x1000c1s4b0n0:37351:37398 [1] NCCL INFO Channel 03 : 1[41000] -> 4[2000] [send] via NET/IB/0/Shared
x1000c1s5b0n1:82174:82227 [1] NCCL INFO Channel 03 : 13[41000] -> 0[2000] [send] via NET/IB/0/Shared
x1000c1s4b0n0:37351:37397 [0] NCCL INFO Channel 03 : 0[2000] -> 3[c1000] via P2P/direct pointer/read
x1000c1s4b0n0:37351:37399 [2] NCCL INFO Channel 03 : 15[c1000] -> 2[81000] [receive] via NET/IB/0/Shared
x1000c1s4b0n0:37351:37399 [2] NCCL INFO GPU Direct RDMA Disabled for GPU 81000 / HCA 0 (distance 6 > 4)
x1000c1s4b0n0:37351:37399 [2] NCCL INFO Channel 03 : 2[81000] -> 5[41000] [send] via NET/IB/0/Shared
x1000c1s5b0n0:95699:95740 [0] NCCL INFO Channel 03 : 8[2000] -> 11[c1000] via P2P/direct pointer/read
x1000c1s5b0n0:95699:95742 [2] NCCL INFO Channel 03 : 7[c1000] -> 10[81000] [receive] via NET/IB/0/Shared
x1000c1s5b0n0:95699:95742 [2] NCCL INFO GPU Direct RDMA Disabled for GPU 81000 / HCA 0 (distance 6 > 4)
x1000c1s5b0n0:95699:95742 [2] NCCL INFO Channel 03 : 10[81000] -> 13[41000] [send] via NET/IB/0/Shared
x1000c1s4b0n1:36728:36771 [1] NCCL INFO Channel 03 : 2[81000] -> 5[41000] [receive] via NET/IB/0/Shared
x1000c1s5b0n0:95699:95741 [1] NCCL INFO Channel 03 : 6[81000] -> 9[41000] [receive] via NET/IB/0/Shared
x1000c1s5b0n0:95699:95741 [1] NCCL INFO GPU Direct RDMA Disabled for GPU 41000 / HCA 0 (distance 6 > 4)
x1000c1s4b0n1:36728:36770 [0] NCCL INFO Channel 03 : 1[41000] -> 4[2000] [receive] via NET/IB/1/Shared
x1000c1s5b0n0:95699:95743 [3] NCCL INFO GPU Direct RDMA Disabled for GPU c1000 / HCA 0 (distance 5 > 4)
x1000c1s5b0n0:95699:95743 [3] NCCL INFO Channel 03 : 11[c1000] -> 14[81000] [send] via NET/IB/0/Shared
x1000c1s5b0n1:82174:82229 [3] NCCL INFO NET/IB: Dev 0 Port 1 qpn 800 mtu 5 GID 0 (80FE/B00FEFF000000)
x1000c1s4b0n0:37351:37400 [3] NCCL INFO NET/IB: Dev 0 Port 1 qpn 2586 mtu 5 GID 0 (80FE/D00A00FEFF000000)
x1000c1s5b0n0:95699:95741 [1] NCCL INFO Channel 03 : 9[41000] -> 12[2000] [send] via NET/IB/0/Shared
x1000c1s4b0n1:36728:36773 [3] NCCL INFO GPU Direct RDMA Disabled for GPU c1000 / HCA 0 (distance 5 > 4)
x1000c1s4b0n1:36728:36770 [0] NCCL INFO Channel 03 : 4[2000] -> 7[c1000] via P2P/direct pointer/read
x1000c1s4b0n1:36728:36773 [3] NCCL INFO Channel 03 : 7[c1000] -> 10[81000] [send] via NET/IB/0/Shared
x1000c1s4b0n0:37351:37399 [2] NCCL INFO NET/IB: Dev 0 Port 1 qpn 2587 mtu 5 GID 0 (80FE/D00A00FEFF000000)
x1000c1s5b0n1:82174:82228 [2] NCCL INFO NET/IB: Dev 0 Port 1 qpn 801 mtu 5 GID 0 (80FE/B00FEFF000000)
x1000c1s5b0n0:95699:95741 [1] NCCL INFO NET/IB: Dev 0 Port 1 qpn 2159 mtu 5 GID 0 (80FE/C00A00FEFF000000)
x1000c1s4b0n0:37351:37398 [1] NCCL INFO NET/IB: Dev 0 Port 1 qpn 2588 mtu 5 GID 0 (80FE/D00A00FEFF000000)
x1000c1s5b0n0:95699:95742 [2] NCCL INFO NET/IB: Dev 0 Port 1 qpn 2158 mtu 5 GID 0 (80FE/C00A00FEFF000000)
x1000c1s4b0n1:36728:36772 [2] NCCL INFO NET/IB: Dev 0 Port 1 qpn 3026 mtu 5 GID 0 (80FE/100B00FEFF000000)
x1000c1s5b0n0:95699:95740 [0] NCCL INFO GPU Direct RDMA Disabled for GPU 2000 / HCA 1 (distance 5 > 4)
x1000c1s5b0n0:95699:95740 [0] NCCL INFO Channel 00 : 4[2000] -> 8[2000] [receive] via NET/IB/1/Shared
x1000c1s5b0n0:95699:95743 [3] NCCL INFO NET/IB: Dev 0 Port 1 qpn 2157 mtu 5 GID 0 (80FE/C00A00FEFF000000)
x1000c1s4b0n1:36728:36773 [3] NCCL INFO NET/IB: Dev 0 Port 1 qpn 3025 mtu 5 GID 0 (80FE/100B00FEFF000000)
x1000c1s4b0n0:37351:37400 [3] NCCL INFO GPU Direct RDMA Disabled for GPU c1000 / HCA 0 (distance 5 > 4)
x1000c1s4b0n0:37351:37400 [3] NCCL INFO Channel 00 : 15[c1000] -> 3[c1000] [receive] via NET/IB/0/Shared
x1000c1s4b0n0:37351:37400 [3] NCCL INFO GPU Direct RDMA Disabled for GPU c1000 / HCA 0 (distance 5 > 4)
x1000c1s4b0n0:37351:37400 [3] NCCL INFO Channel 00 : 3[c1000] -> 7[c1000] [send] via NET/IB/0/Shared
x1000c1s4b0n0:37351:37399 [2] NCCL INFO GPU Direct RDMA Disabled for GPU 81000 / HCA 1 (distance 6 > 4)
x1000c1s4b0n0:37351:37399 [2] NCCL INFO Channel 00 : 14[81000] -> 2[81000] [receive] via NET/IB/1/Shared
x1000c1s4b0n0:37351:37399 [2] NCCL INFO GPU Direct RDMA Disabled for GPU 81000 / HCA 1 (distance 6 > 4)
x1000c1s4b0n0:37351:37399 [2] NCCL INFO Channel 00 : 2[81000] -> 6[81000] [send] via NET/IB/1/Shared
x1000c1s5b0n1:82174:82227 [1] NCCL INFO NET/IB: Dev 0 Port 1 qpn 802 mtu 5 GID 0 (80FE/B00FEFF000000)
x1000c1s4b0n0:37351:37398 [1] NCCL INFO GPU Direct RDMA Disabled for GPU 41000 / HCA 1 (distance 6 > 4)
x1000c1s4b0n0:37351:37398 [1] NCCL INFO Channel 00 : 13[41000] -> 1[41000] [receive] via NET/IB/1/Shared
x1000c1s4b0n0:37351:37398 [1] NCCL INFO GPU Direct RDMA Disabled for GPU 41000 / HCA 1 (distance 6 > 4)
x1000c1s4b0n0:37351:37398 [1] NCCL INFO Channel 00 : 1[41000] -> 5[41000] [send] via NET/IB/1/Shared
x1000c1s4b0n1:36728:36771 [1] NCCL INFO GPU Direct RDMA Disabled for GPU 41000 / HCA 1 (distance 6 > 4)
x1000c1s5b0n1:82174:82228 [2] NCCL INFO GPU Direct RDMA Disabled for GPU 81000 / HCA 1 (distance 6 > 4)
x1000c1s4b0n1:36728:36772 [2] NCCL INFO GPU Direct RDMA Disabled for GPU 81000 / HCA 1 (distance 6 > 4)
x1000c1s5b0n0:95699:95741 [1] NCCL INFO GPU Direct RDMA Disabled for GPU 41000 / HCA 1 (distance 6 > 4)
x1000c1s5b0n1:82174:82229 [3] NCCL INFO GPU Direct RDMA Disabled for GPU c1000 / HCA 0 (distance 5 > 4)
x1000c1s5b0n1:82174:82228 [2] NCCL INFO Channel 00 : 10[81000] -> 14[81000] [receive] via NET/IB/1/Shared
x1000c1s5b0n0:95699:95742 [2] NCCL INFO GPU Direct RDMA Disabled for GPU 81000 / HCA 1 (distance 6 > 4)
x1000c1s5b0n1:82174:82228 [2] NCCL INFO GPU Direct RDMA Disabled for GPU 81000 / HCA 1 (distance 6 > 4)
x1000c1s5b0n1:82174:82228 [2] NCCL INFO Channel 00 : 14[81000] -> 2[81000] [send] via NET/IB/1/Shared
x1000c1s5b0n0:95699:95743 [3] NCCL INFO GPU Direct RDMA Disabled for GPU c1000 / HCA 0 (distance 5 > 4)
x1000c1s5b0n1:82174:82229 [3] NCCL INFO Channel 00 : 11[c1000] -> 15[c1000] [receive] via NET/IB/0/Shared
x1000c1s5b0n0:95699:95741 [1] NCCL INFO Channel 00 : 5[41000] -> 9[41000] [receive] via NET/IB/1/Shared
x1000c1s5b0n1:82174:82229 [3] NCCL INFO GPU Direct RDMA Disabled for GPU c1000 / HCA 0 (distance 5 > 4)
x1000c1s5b0n0:95699:95742 [2] NCCL INFO Channel 00 : 6[81000] -> 10[81000] [receive] via NET/IB/1/Shared
x1000c1s5b0n1:82174:82229 [3] NCCL INFO Channel 00 : 15[c1000] -> 3[c1000] [send] via NET/IB/0/Shared
x1000c1s4b0n1:36728:36771 [1] NCCL INFO Channel 00 : 1[41000] -> 5[41000] [receive] via NET/IB/1/Shared
x1000c1s4b0n1:36728:36771 [1] NCCL INFO GPU Direct RDMA Disabled for GPU 41000 / HCA 1 (distance 6 > 4)
x1000c1s4b0n1:36728:36771 [1] NCCL INFO Channel 00 : 5[41000] -> 9[41000] [send] via NET/IB/1/Shared
x1000c1s5b0n0:95699:95741 [1] NCCL INFO GPU Direct RDMA Disabled for GPU 41000 / HCA 1 (distance 6 > 4)
x1000c1s5b0n0:95699:95742 [2] NCCL INFO GPU Direct RDMA Disabled for GPU 81000 / HCA 1 (distance 6 > 4)
x1000c1s5b0n1:82174:82226 [0] NCCL INFO GPU Direct RDMA Disabled for GPU 2000 / HCA 1 (distance 5 > 4)
x1000c1s4b0n1:36728:36773 [3] NCCL INFO GPU Direct RDMA Disabled for GPU c1000 / HCA 0 (distance 5 > 4)
x1000c1s5b0n0:95699:95743 [3] NCCL INFO Channel 00 : 7[c1000] -> 11[c1000] [receive] via NET/IB/0/Shared
x1000c1s5b0n0:95699:95743 [3] NCCL INFO GPU Direct RDMA Disabled for GPU c1000 / HCA 0 (distance 5 > 4)
x1000c1s5b0n1:82174:82226 [0] NCCL INFO Channel 00 : 12[2000] -> 0[2000] [send] via NET/IB/1/Shared
x1000c1s4b0n1:36728:36773 [3] NCCL INFO Channel 00 : 3[c1000] -> 7[c1000] [receive] via NET/IB/0/Shared
x1000c1s5b0n0:95699:95742 [2] NCCL INFO Channel 00 : 10[81000] -> 14[81000] [send] via NET/IB/1/Shared
x1000c1s5b0n1:82174:82229 [3] NCCL INFO NET/IB: Dev 0 Port 1 qpn 807 mtu 5 GID 0 (80FE/B00FEFF000000)
x1000c1s4b0n1:36728:36773 [3] NCCL INFO GPU Direct RDMA Disabled for GPU c1000 / HCA 0 (distance 5 > 4)
x1000c1s5b0n0:95699:95743 [3] NCCL INFO Channel 00 : 11[c1000] -> 15[c1000] [send] via NET/IB/0/Shared
x1000c1s5b0n1:82174:82227 [1] NCCL INFO GPU Direct RDMA Disabled for GPU 41000 / HCA 1 (distance 6 > 4)
x1000c1s4b0n1:36728:36773 [3] NCCL INFO Channel 00 : 7[c1000] -> 11[c1000] [send] via NET/IB/0/Shared
x1000c1s5b0n0:95699:95741 [1] NCCL INFO Channel 00 : 9[41000] -> 13[41000] [send] via NET/IB/1/Shared
x1000c1s5b0n1:82174:82227 [1] NCCL INFO Channel 00 : 9[41000] -> 13[41000] [receive] via NET/IB/1/Shared
x1000c1s4b0n1:36728:36772 [2] NCCL INFO Channel 00 : 2[81000] -> 6[81000] [receive] via NET/IB/1/Shared
x1000c1s4b0n0:37351:37400 [3] NCCL INFO NET/IB: Dev 0 Port 1 qpn 2593 mtu 5 GID 0 (80FE/D00A00FEFF000000)
x1000c1s5b0n0:95699:95743 [3] NCCL INFO NET/IB: Dev 0 Port 1 qpn 2164 mtu 5 GID 0 (80FE/C00A00FEFF000000)
x1000c1s5b0n1:82174:82227 [1] NCCL INFO GPU Direct RDMA Disabled for GPU 41000 / HCA 1 (distance 6 > 4)
x1000c1s4b0n1:36728:36772 [2] NCCL INFO GPU Direct RDMA Disabled for GPU 81000 / HCA 1 (distance 6 > 4)
x1000c1s4b0n0:37351:37397 [0] NCCL INFO GPU Direct RDMA Disabled for GPU 2000 / HCA 1 (distance 5 > 4)
x1000c1s5b0n1:82174:82227 [1] NCCL INFO Channel 00 : 13[41000] -> 1[41000] [send] via NET/IB/1/Shared
x1000c1s4b0n1:36728:36772 [2] NCCL INFO Channel 00 : 6[81000] -> 10[81000] [send] via NET/IB/1/Shared
x1000c1s4b0n0:37351:37397 [0] NCCL INFO Channel 00 : 12[2000] -> 0[2000] [receive] via NET/IB/1/Shared
x1000c1s5b0n0:95699:95741 [1] NCCL INFO NET/IB: Dev 1 Port 1 qpn 2076 mtu 5 GID 0 (80FE/C10A00FEFF000000)
x1000c1s5b0n1:82174:82228 [2] NCCL INFO NET/IB: Dev 1 Port 1 qpn 773 mtu 5 GID 0 (80FE/10B00FEFF000000)
x1000c1s4b0n1:36728:36770 [0] NCCL INFO GPU Direct RDMA Disabled for GPU 2000 / HCA 1 (distance 5 > 4)
x1000c1s4b0n0:37351:37397 [0] NCCL INFO GPU Direct RDMA Disabled for GPU 2000 / HCA 1 (distance 5 > 4)
x1000c1s5b0n0:95699:95742 [2] NCCL INFO NET/IB: Dev 1 Port 1 qpn 2075 mtu 5 GID 0 (80FE/C10A00FEFF000000)
x1000c1s5b0n1:82174:82227 [1] NCCL INFO NET/IB: Dev 1 Port 1 qpn 774 mtu 5 GID 0 (80FE/10B00FEFF000000)
x1000c1s4b0n1:36728:36770 [0] NCCL INFO Channel 00 : 0[2000] -> 4[2000] [receive] via NET/IB/1/Shared
x1000c1s4b0n0:37351:37397 [0] NCCL INFO Channel 00 : 0[2000] -> 4[2000] [send] via NET/IB/1/Shared
x1000c1s5b0n1:82174:82226 [0] NCCL INFO NET/IB: Dev 1 Port 1 qpn 775 mtu 5 GID 0 (80FE/10B00FEFF000000)
x1000c1s4b0n1:36728:36770 [0] NCCL INFO GPU Direct RDMA Disabled for GPU 2000 / HCA 1 (distance 5 > 4)
x1000c1s4b0n0:37351:37399 [2] NCCL INFO NET/IB: Dev 1 Port 1 qpn 2499 mtu 5 GID 0 (80FE/D10A00FEFF000000)
x1000c1s5b0n0:95699:95743 [3] NCCL INFO GPU Direct RDMA Disabled for GPU c1000 / HCA 0 (distance 5 > 4)
x1000c1s5b0n1:82174:82226 [0] NCCL INFO GPU Direct RDMA Disabled for GPU 2000 / HCA 1 (distance 5 > 4)
x1000c1s4b0n1:36728:36770 [0] NCCL INFO Channel 00 : 4[2000] -> 8[2000] [send] via NET/IB/1/Shared
x1000c1s4b0n0:37351:37398 [1] NCCL INFO NET/IB: Dev 1 Port 1 qpn 2500 mtu 5 GID 0 (80FE/D10A00FEFF000000)
x1000c1s5b0n0:95699:95743 [3] NCCL INFO Channel 01 : 6[81000] -> 11[c1000] [receive] via NET/IB/0/Shared
x1000c1s5b0n1:82174:82226 [0] NCCL INFO Channel 01 : 7[c1000] -> 12[2000] [receive] via NET/IB/1/Shared
x1000c1s4b0n1:36728:36772 [2] NCCL INFO NET/IB: Dev 1 Port 1 qpn 2952 mtu 5 GID 0 (80FE/110B00FEFF000000)
x1000c1s4b0n0:37351:37397 [0] NCCL INFO NET/IB: Dev 1 Port 1 qpn 2501 mtu 5 GID 0 (80FE/D10A00FEFF000000)
x1000c1s5b0n0:95699:95743 [3] NCCL INFO GPU Direct RDMA Disabled for GPU c1000 / HCA 0 (distance 5 > 4)
x1000c1s5b0n1:82174:82226 [0] NCCL INFO GPU Direct RDMA Disabled for GPU 2000 / HCA 1 (distance 5 > 4)
x1000c1s4b0n1:36728:36771 [1] NCCL INFO NET/IB: Dev 1 Port 1 qpn 2951 mtu 5 GID 0 (80FE/110B00FEFF000000)
x1000c1s4b0n0:37351:37400 [3] NCCL INFO GPU Direct RDMA Disabled for GPU c1000 / HCA 0 (distance 5 > 4)
x1000c1s5b0n0:95699:95743 [3] NCCL INFO Channel 01 : 11[c1000] -> 0[2000] [send] via NET/IB/0/Shared
x1000c1s5b0n1:82174:82226 [0] NCCL INFO Channel 01 : 12[2000] -> 1[41000] [send] via NET/IB/1/Shared
x1000c1s4b0n1:36728:36773 [3] NCCL INFO NET/IB: Dev 0 Port 1 qpn 3031 mtu 5 GID 0 (80FE/100B00FEFF000000)
x1000c1s4b0n0:37351:37400 [3] NCCL INFO Channel 01 : 14[81000] -> 3[c1000] [receive] via NET/IB/0/Shared
x1000c1s5b0n0:95699:95742 [2] NCCL INFO GPU Direct RDMA Disabled for GPU 81000 / HCA 0 (distance 6 > 4)
x1000c1s5b0n1:82174:82229 [3] NCCL INFO GPU Direct RDMA Disabled for GPU c1000 / HCA 0 (distance 5 > 4)
x1000c1s4b0n1:36728:36770 [0] NCCL INFO NET/IB: Dev 1 Port 1 qpn 2953 mtu 5 GID 0 (80FE/110B00FEFF000000)
x1000c1s4b0n0:37351:37400 [3] NCCL INFO GPU Direct RDMA Disabled for GPU c1000 / HCA 0 (distance 5 > 4)
x1000c1s5b0n0:95699:95742 [2] NCCL INFO Channel 01 : 5[41000] -> 10[81000] [receive] via NET/IB/0/Shared
x1000c1s5b0n1:82174:82229 [3] NCCL INFO Channel 01 : 10[81000] -> 15[c1000] [receive] via NET/IB/0/Shared
x1000c1s4b0n1:36728:36772 [2] NCCL INFO GPU Direct RDMA Disabled for GPU 81000 / HCA 0 (distance 6 > 4)
x1000c1s4b0n0:37351:37400 [3] NCCL INFO Channel 01 : 3[c1000] -> 8[2000] [send] via NET/IB/0/Shared
x1000c1s5b0n0:95699:95742 [2] NCCL INFO GPU Direct RDMA Disabled for GPU 81000 / HCA 0 (distance 6 > 4)
x1000c1s5b0n1:82174:82229 [3] NCCL INFO GPU Direct RDMA Disabled for GPU c1000 / HCA 0 (distance 5 > 4)
x1000c1s4b0n1:36728:36772 [2] NCCL INFO Channel 01 : 1[41000] -> 6[81000] [receive] via NET/IB/0/Shared
x1000c1s4b0n0:37351:37397 [0] NCCL INFO GPU Direct RDMA Disabled for GPU 2000 / HCA 1 (distance 5 > 4)
x1000c1s5b0n0:95699:95742 [2] NCCL INFO Channel 01 : 10[81000] -> 15[c1000] [send] via NET/IB/0/Shared
x1000c1s5b0n1:82174:82229 [3] NCCL INFO Channel 01 : 15[c1000] -> 4[2000] [send] via NET/IB/0/Shared
x1000c1s4b0n1:36728:36772 [2] NCCL INFO GPU Direct RDMA Disabled for GPU 81000 / HCA 0 (distance 6 > 4)
x1000c1s4b0n0:37351:37397 [0] NCCL INFO Channel 01 : 11[c1000] -> 0[2000] [receive] via NET/IB/1/Shared
x1000c1s5b0n0:95699:95740 [0] NCCL INFO GPU Direct RDMA Disabled for GPU 2000 / HCA 1 (distance 5 > 4)
x1000c1s5b0n0:95699:95740 [0] NCCL INFO Channel 01 : 3[c1000] -> 8[2000] [receive] via NET/IB/1/Shared
x1000c1s5b0n0:95699:95740 [0] NCCL INFO GPU Direct RDMA Disabled for GPU 2000 / HCA 1 (distance 5 > 4)
x1000c1s5b0n0:95699:95740 [0] NCCL INFO Channel 01 : 8[2000] -> 13[41000] [send] via NET/IB/1/Shared
x1000c1s5b0n1:82174:82227 [1] NCCL INFO GPU Direct RDMA Disabled for GPU 41000 / HCA 0 (distance 6 > 4)
x1000c1s4b0n1:36728:36772 [2] NCCL INFO Channel 01 : 6[81000] -> 11[c1000] [send] via NET/IB/0/Shared
x1000c1s4b0n0:37351:37397 [0] NCCL INFO GPU Direct RDMA Disabled for GPU 2000 / HCA 1 (distance 5 > 4)
x1000c1s5b0n0:95699:95741 [1] NCCL INFO GPU Direct RDMA Disabled for GPU 41000 / HCA 0 (distance 6 > 4)
x1000c1s5b0n1:82174:82227 [1] NCCL INFO Channel 01 : 8[2000] -> 13[41000] [receive] via NET/IB/0/Shared
x1000c1s4b0n1:36728:36771 [1] NCCL INFO GPU Direct RDMA Disabled for GPU 41000 / HCA 0 (distance 6 > 4)
x1000c1s4b0n0:37351:37397 [0] NCCL INFO Channel 01 : 0[2000] -> 5[41000] [send] via NET/IB/1/Shared
x1000c1s5b0n0:95699:95741 [1] NCCL INFO Channel 01 : 9[41000] -> 14[81000] [send] via NET/IB/0/Shared
x1000c1s5b0n1:82174:82227 [1] NCCL INFO GPU Direct RDMA Disabled for GPU 41000 / HCA 0 (distance 6 > 4)
x1000c1s4b0n1:36728:36771 [1] NCCL INFO Channel 01 : 0[2000] -> 5[41000] [receive] via NET/IB/0/Shared
x1000c1s4b0n0:37351:37399 [2] NCCL INFO GPU Direct RDMA Disabled for GPU 81000 / HCA 0 (distance 6 > 4)
x1000c1s5b0n0:95699:95743 [3] NCCL INFO NET/IB: Dev 0 Port 1 qpn 2167 mtu 5 GID 0 (80FE/C00A00FEFF000000)
x1000c1s5b0n0:95699:95742 [2] NCCL INFO NET/IB: Dev 0 Port 1 qpn 2168 mtu 5 GID 0 (80FE/C00A00FEFF000000)
x1000c1s5b0n1:82174:82227 [1] NCCL INFO Channel 01 : 13[41000] -> 2[81000] [send] via NET/IB/0/Shared
x1000c1s5b0n1:82174:82228 [2] NCCL INFO GPU Direct RDMA Disabled for GPU 81000 / HCA 0 (distance 6 > 4)
x1000c1s5b0n1:82174:82228 [2] NCCL INFO Channel 01 : 9[41000] -> 14[81000] [receive] via NET/IB/0/Shared
